---
source: src/search/distsearch.rs
expression: "ledger.0.iter().map(|e| e.to_string()).collect::<Vec<String>>().join(\"\\n\")"
---
a <-> abcd, dist(2), min(0), keep: dist too big, search: do search
a1 <-> abcd, dist(2), min(1), keep: dist too big, search: do search
a12 <-> abcd, dist(2), min(2), keep: dist too big, search: min dist too big
ab <-> abcd, dist(2), min(0), keep: dist too big, search: do search
ab2 <-> abcd, dist(2), min(1), keep: dist too big, search: do search
ab23 <-> abcd, dist(2), min(2), keep: dist too big, search: min dist too big
abc <-> abcd, dist(1), min(0), keep: dist too big, search: do search
abc3 <-> abcd, dist(1), min(1), keep: word kept, search: no children
abcd <-> abcd, dist(0), min(0), keep: word match kept, search: no children
