---
source: src/search/tests/mod.rs
assertion_line: 158
expression: "format!(\"{}\\n---\\n{}\", out, trace)"
---
Extension 3 40.6%    plate
Spelling 2 32.4%    plat
Extension 6 20.9%    plastered
Extension 1 15.2%    plan
Extension 4 10.7%    plain
---
p <-> pla, dist(2), min(0), keep: dist too big, search: do search
pl <-> pla, dist(1), min(0), keep: dist too big, search: do search
pla <-> pla, dist(0), min(0), keep: node match, search: do search
plai <-> pla, dist(1), min(1), keep: dist too big, search: do search
plain <-> pla, dist(2), min(2), keep: dist too big, search: min dist too big
plan <-> pla, dist(1), min(1), keep: word kept, search: no children
plas <-> pla, dist(1), min(1), keep: dist too big, search: do search
plast <-> pla, dist(2), min(2), keep: dist too big, search: min dist too big
plat <-> pla, dist(1), min(1), keep: word kept, search: do search
plate <-> pla, dist(2), min(2), keep: dist too big, search: min dist too big
plu <-> pla, dist(1), min(1), keep: dist too big, search: do search
pluc <-> pla, dist(2), min(2), keep: dist too big, search: min dist too big
plai <-> i 0.0% (max 10.7%), keep: not a word, search: do search
plan <-> n 15.2% (max 0.0%), keep: word kept, search: no children
plas <-> s 0.0% (max 20.9%), keep: not a word, search: do search
plat <-> t 32.4% (max 40.6%), keep: word kept, search: do search
plain <-> n 10.7% (max 0.0%), keep: word kept, search: no children
plast <-> t 0.0% (max 20.9%), keep: not a word, search: do search
plate <-> e 40.6% (max 0.0%), keep: word kept, search: no children
plaste <-> e 0.0% (max 20.9%), keep: not a word, search: do search
plaster <-> r 0.0% (max 20.9%), keep: not a word, search: do search
plastere <-> e 0.0% (max 20.9%), keep: not a word, search: do search
plastered <-> d 20.9% (max 0.0%), keep: word kept, search: max child percentile too small
